// Jest Snapshot v1, https://goo.gl/fbAQLP

exports[`Truncate renders correctly 1`] = `
<span>
  lorem ipsum...
</span>
`;
